/Users/I524902/Downloads/ipl-dashboard-master/src/main/java/io/javabrains/ipldashboard/model/Team.java
/Users/I524902/Downloads/ipl-dashboard-master/src/main/java/io/javabrains/ipldashboard/model/Match.java
/Users/I524902/Downloads/ipl-dashboard-master/src/main/java/io/javabrains/ipldashboard/data/BatchConfig.java
/Users/I524902/Downloads/ipl-dashboard-master/src/main/java/io/javabrains/ipldashboard/repository/TeamRepository.java
/Users/I524902/Downloads/ipl-dashboard-master/src/main/java/io/javabrains/ipldashboard/repository/MatchRepository.java
/Users/I524902/Downloads/ipl-dashboard-master/src/main/java/io/javabrains/ipldashboard/data/JobCompletionNotificationListener.java
/Users/I524902/Downloads/ipl-dashboard-master/src/main/java/io/javabrains/ipldashboard/IplDashboardApplication.java
/Users/I524902/Downloads/ipl-dashboard-master/src/main/java/io/javabrains/ipldashboard/data/MatchDataProcessor.java
/Users/I524902/Downloads/ipl-dashboard-master/src/main/java/io/javabrains/ipldashboard/data/MatchInput.java
/Users/I524902/Downloads/ipl-dashboard-master/src/main/java/io/javabrains/ipldashboard/controller/TeamController.java
